MAP
NAME "sasabus"
SIZE 256 256	
MAXSIZE 4096
RESOLUTION 72
#FONTSET ../../fonts/fonts.list
CONFIG "MS_ERRORFILE" "/home/pbertolla/ms_error.txt"
	DEBUG 10
WEB
	METADATA
        # for mapserver 6.0
        "ows_enable_request" "*"
		"ows_title"	"sasabus"
	
		"wfs_encoding"	"UTF-8"
		"wms_encoding"	"UTF-8"

		"wms_feature_info_mime_type"	"text/html"
		"wfs_namespace_prefix"	"feature"
		"wms_srs"	"EPSG:25832"
	

	END
	IMAGEPATH "/tmp/"
	IMAGEURL "/tmp/"	
END	

PROJECTION
	"init=epsg:25832"
END

EXTENT 660000 5145000 690000 5175000

LAYER
	GROUP "g_lines"
	NAME "g_lines.line"
	TYPE LINE
	STATUS ON
	METADATA
		"wms_group_title" "g_lines"
		"ows_title"	"Linee"
		"gml_geometries"	"the_geom"
		"ows_onlineresource"	""
		"gml_featureid"	"gc_objid"
		"gml_the_geom_type"	"linestring"
	END
	PROJECTION
		"init=epsg:25832"
	END
	CONNECTIONTYPE POSTGIS
	CONNECTION "user=integreen password=integreen123 dbname=realtimebus host=127.0.0.1 port=5432"
	DATA "the_geom FROM vdv.rec_lid USING UNIQUE li_nr USING SRID=25832"
	PROCESSING "CLOSE_CONNECTION=DEFER"
	DUMP TRUE
	SIZEUNITS pixels
	POSTLABELCACHE TRUE
END

OUTPUTFORMAT	
	NAME "AGG Q"
	DRIVER "AGG/PNG"
	MIMETYPE "image/png"
	IMAGEMODE RGBA
	EXTENSION "png"
	TRANSPARENT ON
	FORMATOPTION "INTERLACE=OFF"
    FORMATOPTION "QUANTIZE_FORCE=ON"
    FORMATOPTION "QUANTIZE_DITHER=OFF"
    FORMATOPTION "QUANTIZE_COLORS=256"
END

END
